// Jest Snapshot v1, https://goo.gl/fbAQLP

exports[`renders an image 1`] = `
<div
  className="sc-AxjAm eNRbMk"
  style={
    Object {
      "height": "auto",
      "width": "auto",
    }
  }
>
  Jon Choukroun
</div>
`;
