// Jest Snapshot v1, https://goo.gl/fbAQLP

exports[`renders a header 1`] = `
<div
  className="sc-fzozJi cBGTDc"
>
  <div
    className="sc-AxjAm fnUNlU"
  >
    <h4
      className="sc-AxirZ bpGOUS"
    >
      Hey nong man
    </h4>
    <div
      className="sc-AxhCb liSLKZ"
    >
      <button
        className="sc-AxiKw hbMXWK"
      >
        -
      </button>
    </div>
  </div>
  <div
    className="sc-fzoLsD kqoSOU"
  >
    <div
      className="sc-fzplWN dTgfLt"
    >
      <div
        className="sc-AxhUy hLvar"
        style={
          Object {
            "height": "auto",
            "width": 640,
          }
        }
      >
        <svg
          viewBox="0 0 300 24"
        >
          <text
            lengthAdjust="spacing"
            textLength="290"
            x="5"
            y="15"
          >
            Jon Choukroun | Home
          </text>
        </svg>
      </div>
    </div>
    <div
      className="sc-fzpans blSAuB"
    >
      <button
        className="sc-AxgMl hntEic"
        onClick={[Function]}
      >
        <div
          className="sc-Axmtr ijtAQs"
        >
          <span
            style={
              Object {
                "textDecoration": "underline",
              }
            }
          >
            O
          </span>
          K
        </div>
      </button>
    </div>
  </div>
</div>
`;
