// Jest Snapshot v1, https://goo.gl/fbAQLP

exports[`Main window button renders a disabled button 1`] = `
.c0 {
  height: 35px;
  width: 150px;
  margin: 1px;
  padding: 0;
  background-color: #c0c0c0;
  color: #141414;
  font-family: sans-serif;
  font-weight: 200;
  font-size: 20px;
  border-radius: 0;
  border: 2px solid;
  border-color: #f8f8f8 #7f787f #7f787f #f8f8f8;
  box-shadow: 1px 2px 0px 1px rgba(20,20,20,0.7);
  -webkit-transition: box-shadow 0.2s ease;
  transition: box-shadow 0.2s ease;
}

.c0:hover {
  box-shadow: 1px 1px 0px 3px rgba(0,0,0,0.7);
  -webkit-transition: box-shadow 0.1s ease;
  transition: box-shadow 0.1s ease;
}

.c0:hover {
  box-shadow: 1px 2px 0px 1px rgba(20,20,20,0.7);
}

.c1 {
  margin: 2px;
  padding: 2px;
  color: transparent;
  text-shadow: 1px 1px 0 rgba(255,255,255,0.3), 0px 0px 0 rgba(135,135,135,0.7);
}

.c1:active {
  border: 1px dotted black;
}

.c1:active {
  border: none;
}

<button
  className="sc-AxjAm c0"
  disabled={true}
>
  <div
    className="sc-AxiKw c1"
  >
    <span
      style={
        Object {
          "textDecoration": "underline",
        }
      }
    >
      f
    </span>
    larg
  </div>
</button>
`;

exports[`Main window button renders the button text 1`] = `
.c0 {
  height: 35px;
  width: 150px;
  margin: 1px;
  padding: 0;
  background-color: #c0c0c0;
  color: #141414;
  font-family: sans-serif;
  font-weight: 200;
  font-size: 20px;
  border-radius: 0;
  border: 2px solid;
  border-color: #f8f8f8 #7f787f #7f787f #f8f8f8;
  box-shadow: 1px 2px 0px 1px rgba(20,20,20,0.7);
  -webkit-transition: box-shadow 0.2s ease;
  transition: box-shadow 0.2s ease;
}

.c0:hover {
  box-shadow: 1px 1px 0px 3px rgba(0,0,0,0.7);
  -webkit-transition: box-shadow 0.1s ease;
  transition: box-shadow 0.1s ease;
}

.c1 {
  margin: 2px;
  padding: 2px;
}

.c1:active {
  border: 1px dotted black;
}

<button
  className="c0"
  onClick={[Function]}
>
  <div
    className="c1"
  >
    <span
      style={
        Object {
          "textDecoration": "underline",
        }
      }
    >
      f
    </span>
    larg
  </div>
</button>
`;
